// Jest Snapshot v1, https://goo.gl/fbAQLP

exports[`renders correctly 1`] = `
<div
  className="MuiGrid-root MuiGrid-container"
>
  <div
    className="MuiGrid-root MuiGrid-item MuiGrid-grid-xs-10 MuiGrid-grid-lg-6"
    style={
      Object {
        "paddingTop": "2%",
      }
    }
  >
    <div
      className="MuiContainer-root MuiContainer-maxWidthMd"
    >
      <div>
        <form
          action="#"
          onReset={[Function]}
          onSubmit={[Function]}
        >
          <div
            className="MuiGrid-root MuiGrid-container MuiGrid-spacing-xs-2"
          >
            <div
              className="MuiGrid-root MuiGrid-item MuiGrid-grid-xs-12"
            >
              <p
                className="MuiTypography-root makeStyles-h1-4 MuiTypography-body1"
                style={
                  Object {
                    "marginBottom": "10%",
                  }
                }
              >
                 
                Create Pitch
              </p>
              <p
                className="MuiTypography-root makeStyles-h2-5 MuiTypography-body1"
              >
                 
                Pitch Title
              </p>
              <div
                aria-describedby={null}
                className="MuiFormControl-root MuiTextField-root MuiFormControl-fullWidth"
                onMouseLeave={[Function]}
                onMouseOver={[Function]}
                onTouchEnd={[Function]}
                onTouchStart={[Function]}
                title="What are you going to call your pitch? "
              >
                <div
                  className="MuiInputBase-root MuiOutlinedInput-root MuiInputBase-fullWidth MuiInputBase-formControl"
                  onClick={[Function]}
                >
                  <input
                    aria-invalid={false}
                    autoFocus={false}
                    className="MuiInputBase-input MuiOutlinedInput-input"
                    disabled={false}
                    name="pitchTitle"
                    onAnimationStart={[Function]}
                    onBlur={[Function]}
                    onChange={[Function]}
                    onFocus={[Function]}
                    required={false}
                    type="text"
                    value=""
                  />
                  <fieldset
                    aria-hidden={true}
                    className="PrivateNotchedOutline-root-6 MuiOutlinedInput-notchedOutline"
                    style={
                      Object {
                        "paddingLeft": 8,
                      }
                    }
                  >
                    <legend
                      className="PrivateNotchedOutline-legend-7"
                      style={
                        Object {
                          "width": 0.01,
                        }
                      }
                    >
                      <span
                        dangerouslySetInnerHTML={
                          Object {
                            "__html": "&#8203;",
                          }
                        }
                      />
                    </legend>
                  </fieldset>
                </div>
              </div>
              <p
                className="MuiTypography-root makeStyles-h2-5 MuiTypography-body1"
              >
                 
                Website (Optional)
              </p>
              <div
                aria-describedby={null}
                className="MuiFormControl-root MuiTextField-root MuiFormControl-fullWidth"
                onMouseLeave={[Function]}
                onMouseOver={[Function]}
                onTouchEnd={[Function]}
                onTouchStart={[Function]}
                title="Please include the full web address. "
              >
                <div
                  className="MuiInputBase-root MuiOutlinedInput-root MuiInputBase-fullWidth MuiInputBase-formControl"
                  onClick={[Function]}
                >
                  <input
                    aria-invalid={false}
                    autoFocus={false}
                    className="MuiInputBase-input MuiOutlinedInput-input"
                    disabled={false}
                    name="website"
                    onAnimationStart={[Function]}
                    onBlur={[Function]}
                    onChange={[Function]}
                    onFocus={[Function]}
                    required={false}
                    type="text"
                    value=""
                  />
                  <fieldset
                    aria-hidden={true}
                    className="PrivateNotchedOutline-root-6 MuiOutlinedInput-notchedOutline"
                    style={
                      Object {
                        "paddingLeft": 8,
                      }
                    }
                  >
                    <legend
                      className="PrivateNotchedOutline-legend-7"
                      style={
                        Object {
                          "width": 0.01,
                        }
                      }
                    >
                      <span
                        dangerouslySetInnerHTML={
                          Object {
                            "__html": "&#8203;",
                          }
                        }
                      />
                    </legend>
                  </fieldset>
                </div>
              </div>
              <p
                className="MuiTypography-root makeStyles-h2-5 MuiTypography-body1"
              >
                 
                Contact Email
              </p>
              <div
                aria-describedby={null}
                className="MuiFormControl-root MuiTextField-root MuiFormControl-fullWidth"
                onMouseLeave={[Function]}
                onMouseOver={[Function]}
                onTouchEnd={[Function]}
                onTouchStart={[Function]}
                title="This email is how investors will contact you"
              >
                <div
                  className="MuiInputBase-root MuiOutlinedInput-root MuiInputBase-fullWidth MuiInputBase-formControl"
                  onClick={[Function]}
                >
                  <input
                    aria-invalid={false}
                    autoFocus={false}
                    className="MuiInputBase-input MuiOutlinedInput-input"
                    disabled={false}
                    name="contactEmail"
                    onAnimationStart={[Function]}
                    onBlur={[Function]}
                    onChange={[Function]}
                    onFocus={[Function]}
                    required={false}
                    type="text"
                    value=""
                  />
                  <fieldset
                    aria-hidden={true}
                    className="PrivateNotchedOutline-root-6 MuiOutlinedInput-notchedOutline"
                    style={
                      Object {
                        "paddingLeft": 8,
                      }
                    }
                  >
                    <legend
                      className="PrivateNotchedOutline-legend-7"
                      style={
                        Object {
                          "width": 0.01,
                        }
                      }
                    >
                      <span
                        dangerouslySetInnerHTML={
                          Object {
                            "__html": "&#8203;",
                          }
                        }
                      />
                    </legend>
                  </fieldset>
                </div>
              </div>
              <p
                className="MuiTypography-root makeStyles-h2-5 MuiTypography-body1"
              >
                 Location
              </p>
              <div
                className="MuiFormControl-root MuiTextField-root MuiFormControl-fullWidth"
              >
                <div
                  className="MuiInputBase-root MuiOutlinedInput-root MuiInputBase-fullWidth MuiInputBase-formControl"
                  onClick={[Function]}
                >
                  <div
                    aria-haspopup="listbox"
                    aria-labelledby="mui-component-select-location"
                    className="MuiSelect-root MuiSelect-select MuiSelect-selectMenu MuiSelect-outlined MuiInputBase-input MuiOutlinedInput-input"
                    id="mui-component-select-location"
                    onBlur={[Function]}
                    onFocus={[Function]}
                    onKeyDown={[Function]}
                    onMouseDown={[Function]}
                    role="button"
                    tabIndex={0}
                  >
                    <span
                      dangerouslySetInnerHTML={
                        Object {
                          "__html": "&#8203;",
                        }
                      }
                    />
                  </div>
                  <input
                    aria-hidden={true}
                    autoFocus={false}
                    className="MuiSelect-nativeInput"
                    name="location"
                    onAnimationStart={[Function]}
                    onChange={[Function]}
                    required={false}
                    tabIndex={-1}
                    value=""
                  />
                  <svg
                    aria-hidden={true}
                    className="MuiSvgIcon-root MuiSelect-icon MuiSelect-iconOutlined"
                    focusable="false"
                    viewBox="0 0 24 24"
                  >
                    <path
                      d="M7 10l5 5 5-5z"
                    />
                  </svg>
                  <fieldset
                    aria-hidden={true}
                    className="PrivateNotchedOutline-root-6 MuiOutlinedInput-notchedOutline"
                    style={
                      Object {
                        "paddingLeft": 8,
                      }
                    }
                  >
                    <legend
                      className="PrivateNotchedOutline-legend-7"
                      style={
                        Object {
                          "width": 0.01,
                        }
                      }
                    >
                      <span
                        dangerouslySetInnerHTML={
                          Object {
                            "__html": "&#8203;",
                          }
                        }
                      />
                    </legend>
                  </fieldset>
                </div>
              </div>
              <p
                className="MuiTypography-root makeStyles-h2-5 MuiTypography-body1"
              >
                 Country
              </p>
              <div
                className="MuiFormControl-root MuiTextField-root MuiFormControl-fullWidth"
              >
                <div
                  className="MuiInputBase-root MuiOutlinedInput-root MuiInputBase-fullWidth MuiInputBase-formControl"
                  onClick={[Function]}
                >
                  <div
                    aria-haspopup="listbox"
                    aria-labelledby="mui-component-select-country"
                    className="MuiSelect-root MuiSelect-select MuiSelect-selectMenu MuiSelect-outlined MuiInputBase-input MuiOutlinedInput-input"
                    id="mui-component-select-country"
                    onBlur={[Function]}
                    onFocus={[Function]}
                    onKeyDown={[Function]}
                    onMouseDown={[Function]}
                    role="button"
                    tabIndex={0}
                  >
                    <span
                      dangerouslySetInnerHTML={
                        Object {
                          "__html": "&#8203;",
                        }
                      }
                    />
                  </div>
                  <input
                    aria-hidden={true}
                    autoFocus={false}
                    className="MuiSelect-nativeInput"
                    name="country"
                    onAnimationStart={[Function]}
                    onChange={[Function]}
                    required={false}
                    tabIndex={-1}
                    value=""
                  />
                  <svg
                    aria-hidden={true}
                    className="MuiSvgIcon-root MuiSelect-icon MuiSelect-iconOutlined"
                    focusable="false"
                    viewBox="0 0 24 24"
                  >
                    <path
                      d="M7 10l5 5 5-5z"
                    />
                  </svg>
                  <fieldset
                    aria-hidden={true}
                    className="PrivateNotchedOutline-root-6 MuiOutlinedInput-notchedOutline"
                    style={
                      Object {
                        "paddingLeft": 8,
                      }
                    }
                  >
                    <legend
                      className="PrivateNotchedOutline-legend-7"
                      style={
                        Object {
                          "width": 0.01,
                        }
                      }
                    >
                      <span
                        dangerouslySetInnerHTML={
                          Object {
                            "__html": "&#8203;",
                          }
                        }
                      />
                    </legend>
                  </fieldset>
                </div>
              </div>
              <p
                className="MuiTypography-root makeStyles-h2-5 MuiTypography-body1"
              >
                 Industry
              </p>
              <div
                aria-describedby={null}
                className="MuiFormControl-root MuiTextField-root MuiFormControl-fullWidth"
                onMouseLeave={[Function]}
                onMouseOver={[Function]}
                onTouchEnd={[Function]}
                onTouchStart={[Function]}
                title="Which industry best suits your business? "
              >
                <div
                  className="MuiInputBase-root MuiOutlinedInput-root MuiInputBase-fullWidth MuiInputBase-formControl"
                  onClick={[Function]}
                >
                  <div
                    aria-haspopup="listbox"
                    aria-labelledby="mui-component-select-industry"
                    className="MuiSelect-root MuiSelect-select MuiSelect-selectMenu MuiSelect-outlined MuiInputBase-input MuiOutlinedInput-input"
                    id="mui-component-select-industry"
                    onBlur={[Function]}
                    onFocus={[Function]}
                    onKeyDown={[Function]}
                    onMouseDown={[Function]}
                    role="button"
                    tabIndex={0}
                  >
                    <span
                      dangerouslySetInnerHTML={
                        Object {
                          "__html": "&#8203;",
                        }
                      }
                    />
                  </div>
                  <input
                    aria-hidden={true}
                    autoFocus={false}
                    className="MuiSelect-nativeInput"
                    name="industry"
                    onAnimationStart={[Function]}
                    onChange={[Function]}
                    required={false}
                    tabIndex={-1}
                    value=""
                  />
                  <svg
                    aria-hidden={true}
                    className="MuiSvgIcon-root MuiSelect-icon MuiSelect-iconOutlined"
                    focusable="false"
                    viewBox="0 0 24 24"
                  >
                    <path
                      d="M7 10l5 5 5-5z"
                    />
                  </svg>
                  <fieldset
                    aria-hidden={true}
                    className="PrivateNotchedOutline-root-6 MuiOutlinedInput-notchedOutline"
                    style={
                      Object {
                        "paddingLeft": 8,
                      }
                    }
                  >
                    <legend
                      className="PrivateNotchedOutline-legend-7"
                      style={
                        Object {
                          "width": 0.01,
                        }
                      }
                    >
                      <span
                        dangerouslySetInnerHTML={
                          Object {
                            "__html": "&#8203;",
                          }
                        }
                      />
                    </legend>
                  </fieldset>
                </div>
              </div>
              <p
                className="MuiTypography-root makeStyles-h2-5 MuiTypography-body1"
              >
                 
                Industry 2 (optional)
              </p>
              <div
                aria-describedby={null}
                className="MuiFormControl-root MuiTextField-root MuiFormControl-fullWidth"
                onMouseLeave={[Function]}
                onMouseOver={[Function]}
                onTouchEnd={[Function]}
                onTouchStart={[Function]}
                title="A 2nd option will define your pitch for more investors "
              >
                <div
                  className="MuiInputBase-root MuiOutlinedInput-root MuiInputBase-fullWidth MuiInputBase-formControl"
                  onClick={[Function]}
                >
                  <div
                    aria-haspopup="listbox"
                    aria-labelledby="mui-component-select-industry2"
                    className="MuiSelect-root MuiSelect-select MuiSelect-selectMenu MuiSelect-outlined MuiInputBase-input MuiOutlinedInput-input"
                    id="mui-component-select-industry2"
                    onBlur={[Function]}
                    onFocus={[Function]}
                    onKeyDown={[Function]}
                    onMouseDown={[Function]}
                    role="button"
                    tabIndex={0}
                  >
                    <span
                      dangerouslySetInnerHTML={
                        Object {
                          "__html": "&#8203;",
                        }
                      }
                    />
                  </div>
                  <input
                    aria-hidden={true}
                    autoFocus={false}
                    className="MuiSelect-nativeInput"
                    name="industry2"
                    onAnimationStart={[Function]}
                    onChange={[Function]}
                    required={false}
                    tabIndex={-1}
                    value=""
                  />
                  <svg
                    aria-hidden={true}
                    className="MuiSvgIcon-root MuiSelect-icon MuiSelect-iconOutlined"
                    focusable="false"
                    viewBox="0 0 24 24"
                  >
                    <path
                      d="M7 10l5 5 5-5z"
                    />
                  </svg>
                  <fieldset
                    aria-hidden={true}
                    className="PrivateNotchedOutline-root-6 MuiOutlinedInput-notchedOutline"
                    style={
                      Object {
                        "paddingLeft": 8,
                      }
                    }
                  >
                    <legend
                      className="PrivateNotchedOutline-legend-7"
                      style={
                        Object {
                          "width": 0.01,
                        }
                      }
                    >
                      <span
                        dangerouslySetInnerHTML={
                          Object {
                            "__html": "&#8203;",
                          }
                        }
                      />
                    </legend>
                  </fieldset>
                </div>
              </div>
              <p
                className="MuiTypography-root makeStyles-h2-5 MuiTypography-body1"
              >
                 
                Ideal Investment Role
              </p>
              <div
                aria-describedby={null}
                className="MuiFormControl-root MuiTextField-root MuiFormControl-fullWidth"
                onMouseLeave={[Function]}
                onMouseOver={[Function]}
                onTouchEnd={[Function]}
                onTouchStart={[Function]}
                title="How active woul you like your investor to be?"
              >
                <div
                  className="MuiInputBase-root MuiOutlinedInput-root MuiInputBase-fullWidth MuiInputBase-formControl"
                  onClick={[Function]}
                >
                  <div
                    aria-haspopup="listbox"
                    aria-labelledby="mui-component-select-idealInvestmentRole"
                    className="MuiSelect-root MuiSelect-select MuiSelect-selectMenu MuiSelect-outlined MuiInputBase-input MuiOutlinedInput-input"
                    id="mui-component-select-idealInvestmentRole"
                    onBlur={[Function]}
                    onFocus={[Function]}
                    onKeyDown={[Function]}
                    onMouseDown={[Function]}
                    role="button"
                    tabIndex={0}
                  >
                    <span
                      dangerouslySetInnerHTML={
                        Object {
                          "__html": "&#8203;",
                        }
                      }
                    />
                  </div>
                  <input
                    aria-hidden={true}
                    autoFocus={false}
                    className="MuiSelect-nativeInput"
                    name="idealInvestmentRole"
                    onAnimationStart={[Function]}
                    onChange={[Function]}
                    required={false}
                    tabIndex={-1}
                    value=""
                  />
                  <svg
                    aria-hidden={true}
                    className="MuiSvgIcon-root MuiSelect-icon MuiSelect-iconOutlined"
                    focusable="false"
                    viewBox="0 0 24 24"
                  >
                    <path
                      d="M7 10l5 5 5-5z"
                    />
                  </svg>
                  <fieldset
                    aria-hidden={true}
                    className="PrivateNotchedOutline-root-6 MuiOutlinedInput-notchedOutline"
                    style={
                      Object {
                        "paddingLeft": 8,
                      }
                    }
                  >
                    <legend
                      className="PrivateNotchedOutline-legend-7"
                      style={
                        Object {
                          "width": 0.01,
                        }
                      }
                    >
                      <span
                        dangerouslySetInnerHTML={
                          Object {
                            "__html": "&#8203;",
                          }
                        }
                      />
                    </legend>
                  </fieldset>
                </div>
              </div>
              <p
                className="MuiTypography-root makeStyles-h2-5 MuiTypography-body1"
              >
                 
                Capital needed
              </p>
              <div
                className="MuiFormControl-root MuiTextField-root MuiFormControl-fullWidth"
              >
                <label
                  className="MuiFormLabel-root MuiInputLabel-root MuiInputLabel-formControl MuiInputLabel-animated MuiInputLabel-outlined"
                  data-shrink={false}
                >
                  £
                </label>
                <div
                  className="MuiInputBase-root MuiOutlinedInput-root MuiInputBase-fullWidth MuiInputBase-formControl"
                  onClick={[Function]}
                >
                  <div
                    aria-haspopup="listbox"
                    aria-labelledby="mui-component-select-capitalNeeded"
                    className="MuiSelect-root MuiSelect-select MuiSelect-selectMenu MuiSelect-outlined MuiInputBase-input MuiOutlinedInput-input"
                    id="mui-component-select-capitalNeeded"
                    onBlur={[Function]}
                    onFocus={[Function]}
                    onKeyDown={[Function]}
                    onMouseDown={[Function]}
                    role="button"
                    tabIndex={0}
                  >
                    <span
                      dangerouslySetInnerHTML={
                        Object {
                          "__html": "&#8203;",
                        }
                      }
                    />
                  </div>
                  <input
                    aria-hidden={true}
                    autoFocus={false}
                    className="MuiSelect-nativeInput"
                    name="capitalNeeded"
                    onAnimationStart={[Function]}
                    onChange={[Function]}
                    required={false}
                    tabIndex={-1}
                    value=""
                  />
                  <svg
                    aria-hidden={true}
                    className="MuiSvgIcon-root MuiSelect-icon MuiSelect-iconOutlined"
                    focusable="false"
                    viewBox="0 0 24 24"
                  >
                    <path
                      d="M7 10l5 5 5-5z"
                    />
                  </svg>
                  <fieldset
                    aria-hidden={true}
                    className="PrivateNotchedOutline-root-6 MuiOutlinedInput-notchedOutline"
                  >
                    <legend
                      className="PrivateNotchedOutline-legendLabelled-8"
                    >
                      <span>
                        £
                      </span>
                    </legend>
                  </fieldset>
                </div>
              </div>
              <p
                className="MuiTypography-root makeStyles-h2-5 MuiTypography-body1"
              >
                 
                Capital raised
              </p>
              <div
                className="MuiFormControl-root MuiTextField-root MuiFormControl-fullWidth"
              >
                <label
                  className="MuiFormLabel-root MuiInputLabel-root MuiInputLabel-formControl MuiInputLabel-animated MuiInputLabel-outlined"
                  data-shrink={false}
                >
                  £
                </label>
                <div
                  className="MuiInputBase-root MuiOutlinedInput-root MuiInputBase-fullWidth MuiInputBase-formControl"
                  onClick={[Function]}
                >
                  <div
                    aria-haspopup="listbox"
                    aria-labelledby="mui-component-select-capitalRaised"
                    className="MuiSelect-root MuiSelect-select MuiSelect-selectMenu MuiSelect-outlined MuiInputBase-input MuiOutlinedInput-input"
                    id="mui-component-select-capitalRaised"
                    onBlur={[Function]}
                    onFocus={[Function]}
                    onKeyDown={[Function]}
                    onMouseDown={[Function]}
                    role="button"
                    tabIndex={0}
                  >
                    <span
                      dangerouslySetInnerHTML={
                        Object {
                          "__html": "&#8203;",
                        }
                      }
                    />
                  </div>
                  <input
                    aria-hidden={true}
                    autoFocus={false}
                    className="MuiSelect-nativeInput"
                    name="capitalRaised"
                    onAnimationStart={[Function]}
                    onChange={[Function]}
                    required={false}
                    tabIndex={-1}
                    value=""
                  />
                  <svg
                    aria-hidden={true}
                    className="MuiSvgIcon-root MuiSelect-icon MuiSelect-iconOutlined"
                    focusable="false"
                    viewBox="0 0 24 24"
                  >
                    <path
                      d="M7 10l5 5 5-5z"
                    />
                  </svg>
                  <fieldset
                    aria-hidden={true}
                    className="PrivateNotchedOutline-root-6 MuiOutlinedInput-notchedOutline"
                  >
                    <legend
                      className="PrivateNotchedOutline-legendLabelled-8"
                    >
                      <span>
                        £
                      </span>
                    </legend>
                  </fieldset>
                </div>
              </div>
              <p
                className="MuiTypography-root makeStyles-h2-5 MuiTypography-body1"
              >
                 
                Pitch Info
              </p>
              <div
                aria-describedby={null}
                className="MuiFormControl-root MuiTextField-root MuiFormControl-fullWidth"
                onMouseLeave={[Function]}
                onMouseOver={[Function]}
                onTouchEnd={[Function]}
                onTouchStart={[Function]}
                style={
                  Object {
                    "paddingBottom": "2%",
                  }
                }
                title="This section is where you sell your pitch so don't be shy! "
              >
                <div
                  className="MuiInputBase-root MuiOutlinedInput-root MuiInputBase-fullWidth MuiInputBase-formControl MuiInputBase-multiline MuiOutlinedInput-multiline"
                  onClick={[Function]}
                >
                  <textarea
                    aria-invalid={false}
                    autoFocus={false}
                    className="MuiInputBase-input MuiOutlinedInput-input MuiInputBase-inputMultiline MuiOutlinedInput-inputMultiline"
                    disabled={false}
                    name="pitchInfo"
                    onAnimationStart={[Function]}
                    onBlur={[Function]}
                    onChange={[Function]}
                    onFocus={[Function]}
                    required={false}
                    rows={6}
                    value=""
                  />
                  <fieldset
                    aria-hidden={true}
                    className="PrivateNotchedOutline-root-6 MuiOutlinedInput-notchedOutline"
                    style={
                      Object {
                        "paddingLeft": 8,
                      }
                    }
                  >
                    <legend
                      className="PrivateNotchedOutline-legend-7"
                      style={
                        Object {
                          "width": 0.01,
                        }
                      }
                    >
                      <span
                        dangerouslySetInnerHTML={
                          Object {
                            "__html": "&#8203;",
                          }
                        }
                      />
                    </legend>
                  </fieldset>
                </div>
              </div>
              <button
                className="MuiButtonBase-root MuiButton-root MuiButton-contained MuiButton-containedPrimary"
                disabled={false}
                fullwidth={true}
                onBlur={[Function]}
                onClick={[Function]}
                onDragLeave={[Function]}
                onFocus={[Function]}
                onKeyDown={[Function]}
                onKeyUp={[Function]}
                onMouseDown={[Function]}
                onMouseLeave={[Function]}
                onMouseUp={[Function]}
                onTouchEnd={[Function]}
                onTouchMove={[Function]}
                onTouchStart={[Function]}
                tabIndex={0}
                type="button"
              >
                <span
                  className="MuiButton-label"
                >
                   
                  <p
                    className="MuiTypography-root MuiTypography-body1"
                    style={
                      Object {
                        "color": "white",
                      }
                    }
                  >
                    Post Pitch
                  </p>
                </span>
                <span
                  className="MuiTouchRipple-root"
                />
              </button>
            </div>
          </div>
        </form>
      </div>
    </div>
  </div>
</div>
`;
