// Jest Snapshot v1, https://goo.gl/fbAQLP

exports[`renders correctly 1`] = `
<div
  className="makeStyles-root-1"
>
  <div
    className="MuiGrid-root MuiGrid-container MuiGrid-direction-xs-column MuiGrid-align-items-xs-center MuiGrid-justify-content-xs-center"
    style={
      Object {
        "minHeight": "100vh",
      }
    }
  >
    <button
      className="MuiButtonBase-root MuiIconButton-root"
      disabled={false}
      onBlur={[Function]}
      onClick={[Function]}
      onDragLeave={[Function]}
      onFocus={[Function]}
      onKeyDown={[Function]}
      onKeyUp={[Function]}
      onMouseDown={[Function]}
      onMouseLeave={[Function]}
      onMouseUp={[Function]}
      onTouchEnd={[Function]}
      onTouchMove={[Function]}
      onTouchStart={[Function]}
      style={
        Object {
          "backgroundColor": "transparent",
        }
      }
      tabIndex={0}
      type="button"
    >
      <span
        className="MuiIconButton-label"
      >
        <img
          alt=""
          height="35px"
          src="LogoNav.png"
          width="130px"
        />
      </span>
    </button>
    <div
      className="MuiPaper-root makeStyles-paper4-10 MuiPaper-elevation10 MuiPaper-rounded"
    >
      <h1
        className="makeStyles-h1-5"
      >
        Welcome to FundX!
      </h1>
      <div
        className="MuiBox-root MuiBox-root-13"
      >
        <h2
          className="makeStyles-h2-6"
        >
          Please check your inbox for a confirmation email. Click the link in the email to confirm your email address.
        </h2>
         
      </div>
      <h2
        className="makeStyles-h2-6"
      >
        After you confirm click Continue.
      </h2>
      <div
        className="MuiGrid-root MuiGrid-item MuiGrid-grid-xs-12"
      >
        <div
          className="MuiBox-root MuiBox-root-14"
        >
          <button
            className="MuiButtonBase-root MuiButton-root MuiButton-text makeStyles-button-3"
            disabled={false}
            onBlur={[Function]}
            onClick={[Function]}
            onDragLeave={[Function]}
            onFocus={[Function]}
            onKeyDown={[Function]}
            onKeyUp={[Function]}
            onMouseDown={[Function]}
            onMouseLeave={[Function]}
            onMouseUp={[Function]}
            onTouchEnd={[Function]}
            onTouchMove={[Function]}
            onTouchStart={[Function]}
            tabIndex={0}
            type="button"
          >
            <span
              className="MuiButton-label"
            >
              Continue
            </span>
          </button>
          <button
            className="MuiButtonBase-root MuiButton-root MuiButton-outlined makeStyles-button2-4"
            disabled={false}
            onBlur={[Function]}
            onClick={[Function]}
            onDragLeave={[Function]}
            onFocus={[Function]}
            onKeyDown={[Function]}
            onKeyUp={[Function]}
            onMouseDown={[Function]}
            onMouseLeave={[Function]}
            onMouseUp={[Function]}
            onTouchEnd={[Function]}
            onTouchMove={[Function]}
            onTouchStart={[Function]}
            tabIndex={0}
            type="button"
          >
            <span
              className="MuiButton-label"
            >
              Re-send confirmation email
            </span>
          </button>
        </div>
      </div>
    </div>
  </div>
</div>
`;
