// Jest Snapshot v1, https://goo.gl/fbAQLP

exports[`renders correctly 1`] = `
<div
  className="makeStyles-root-1"
>
  <div
    className="MuiGrid-root MuiGrid-container MuiGrid-direction-xs-column MuiGrid-align-items-xs-center MuiGrid-justify-content-xs-center"
    style={
      Object {
        "minHeight": "100vh",
      }
    }
  >
    <button
      className="MuiButtonBase-root MuiIconButton-root"
      disabled={false}
      onBlur={[Function]}
      onClick={[Function]}
      onDragLeave={[Function]}
      onFocus={[Function]}
      onKeyDown={[Function]}
      onKeyUp={[Function]}
      onMouseDown={[Function]}
      onMouseLeave={[Function]}
      onMouseUp={[Function]}
      onTouchEnd={[Function]}
      onTouchMove={[Function]}
      onTouchStart={[Function]}
      style={
        Object {
          "backgroundColor": "transparent",
        }
      }
      tabIndex={0}
      to="/"
      type="button"
    >
      <span
        className="MuiIconButton-label"
      >
        <img
          alt=""
          height="35px"
          src="LogoNav.png"
          width="130px"
        />
      </span>
    </button>
    <div
      className="MuiPaper-root makeStyles-paper2-8 MuiPaper-elevation10 MuiPaper-rounded"
    >
      <form
        action="#"
        onReset={[Function]}
        onSubmit={[Function]}
      >
        <div
          align="center"
          className="MuiGrid-root"
        >
          <div
            className="MuiAvatar-root MuiAvatar-circular MuiAvatar-colorDefault"
          >
            <svg
              aria-hidden={true}
              className="MuiSvgIcon-root"
              focusable="false"
              viewBox="0 0 24 24"
            >
              <path
                d="M18 8h-1V6c0-2.76-2.24-5-5-5S7 3.24 7 6v2H6c-1.1 0-2 .9-2 2v10c0 1.1.9 2 2 2h12c1.1 0 2-.9 2-2V10c0-1.1-.9-2-2-2zM9 6c0-1.66 1.34-3 3-3s3 1.34 3 3v2H9V6zm9 14H6V10h12v10zm-6-3c1.1 0 2-.9 2-2s-.9-2-2-2-2 .9-2 2 .9 2 2 2z"
              />
            </svg>
          </div>
          <h2
            className="makeStyles-h2-6"
          >
            Sign Up
          </h2>
        </div>
        <div
          className="MuiBox-root MuiBox-root-13"
        >
           
          <div
            className="MuiFormControl-root MuiTextField-root MuiFormControl-fullWidth"
          >
            <label
              className="MuiFormLabel-root MuiInputLabel-root MuiInputLabel-formControl MuiInputLabel-animated MuiInputLabel-outlined"
              data-shrink={false}
            >
              <p
                className="MuiTypography-root makeStyles-textfield-12 MuiTypography-body1"
              >
                Email
              </p>
            </label>
            <div
              className="MuiInputBase-root MuiOutlinedInput-root MuiInputBase-fullWidth MuiInputBase-formControl MuiInputBase-adornedEnd MuiOutlinedInput-adornedEnd"
              onClick={[Function]}
            >
              <input
                aria-invalid={false}
                autoFocus={false}
                className="MuiInputBase-input MuiOutlinedInput-input MuiInputBase-inputAdornedEnd MuiOutlinedInput-inputAdornedEnd"
                disabled={false}
                name="email"
                onAnimationStart={[Function]}
                onBlur={[Function]}
                onChange={[Function]}
                onFocus={[Function]}
                required={false}
                type="text"
                value=""
              />
              <div
                className="MuiInputAdornment-root MuiInputAdornment-positionEnd"
              >
                <svg
                  aria-hidden={true}
                  className="MuiSvgIcon-root"
                  focusable="false"
                  style={
                    Object {
                      "fill": "#c8c8c8",
                    }
                  }
                  viewBox="0 0 24 24"
                >
                  <path
                    d="M20 4H4c-1.1 0-1.99.9-1.99 2L2 18c0 1.1.9 2 2 2h16c1.1 0 2-.9 2-2V6c0-1.1-.9-2-2-2zm0 4l-8 5-8-5V6l8 5 8-5v2z"
                  />
                </svg>
              </div>
              <fieldset
                aria-hidden={true}
                className="PrivateNotchedOutline-root-14 MuiOutlinedInput-notchedOutline"
              >
                <legend
                  className="PrivateNotchedOutline-legendLabelled-16"
                >
                  <span>
                    <p
                      className="MuiTypography-root makeStyles-textfield-12 MuiTypography-body1"
                    >
                      Email
                    </p>
                  </span>
                </legend>
              </fieldset>
            </div>
          </div>
        </div>
        <div
          className="MuiBox-root MuiBox-root-18"
        >
          <div
            className="MuiFormControl-root MuiTextField-root MuiFormControl-fullWidth"
          >
            <label
              className="MuiFormLabel-root MuiInputLabel-root MuiInputLabel-formControl MuiInputLabel-animated MuiInputLabel-outlined"
              data-shrink={false}
            >
              <p
                className="MuiTypography-root makeStyles-textfield-12 MuiTypography-body1"
              >
                Display Name
              </p>
            </label>
            <div
              className="MuiInputBase-root MuiOutlinedInput-root MuiInputBase-fullWidth MuiInputBase-formControl MuiInputBase-adornedEnd MuiOutlinedInput-adornedEnd"
              onClick={[Function]}
            >
              <input
                aria-invalid={false}
                autoFocus={false}
                className="MuiInputBase-input MuiOutlinedInput-input MuiInputBase-inputAdornedEnd MuiOutlinedInput-inputAdornedEnd"
                disabled={false}
                name="displayName"
                onAnimationStart={[Function]}
                onBlur={[Function]}
                onChange={[Function]}
                onFocus={[Function]}
                required={false}
                type="text"
                value=""
              />
              <div
                className="MuiInputAdornment-root MuiInputAdornment-positionEnd"
              >
                <svg
                  aria-hidden={true}
                  className="MuiSvgIcon-root"
                  focusable="false"
                  style={
                    Object {
                      "fill": "#c8c8c8",
                    }
                  }
                  viewBox="0 0 24 24"
                >
                  <path
                    d="M12 12c2.21 0 4-1.79 4-4s-1.79-4-4-4-4 1.79-4 4 1.79 4 4 4zm0 2c-2.67 0-8 1.34-8 4v2h16v-2c0-2.66-5.33-4-8-4z"
                  />
                </svg>
              </div>
              <fieldset
                aria-hidden={true}
                className="PrivateNotchedOutline-root-14 MuiOutlinedInput-notchedOutline"
              >
                <legend
                  className="PrivateNotchedOutline-legendLabelled-16"
                >
                  <span>
                    <p
                      className="MuiTypography-root makeStyles-textfield-12 MuiTypography-body1"
                    >
                      Display Name
                    </p>
                  </span>
                </legend>
              </fieldset>
            </div>
          </div>
        </div>
        <div
          className="MuiBox-root MuiBox-root-19"
        >
           
          <div
            className="MuiFormControl-root MuiTextField-root MuiFormControl-fullWidth"
          >
            <label
              className="MuiFormLabel-root MuiInputLabel-root MuiInputLabel-formControl MuiInputLabel-animated MuiInputLabel-outlined"
              data-shrink={false}
            >
              <p
                className="MuiTypography-root makeStyles-textfield-12 MuiTypography-body1"
              >
                First name
              </p>
            </label>
            <div
              className="MuiInputBase-root MuiOutlinedInput-root MuiInputBase-fullWidth MuiInputBase-formControl MuiInputBase-adornedEnd MuiOutlinedInput-adornedEnd"
              onClick={[Function]}
            >
              <input
                aria-invalid={false}
                autoFocus={false}
                className="MuiInputBase-input MuiOutlinedInput-input MuiInputBase-inputAdornedEnd MuiOutlinedInput-inputAdornedEnd"
                disabled={false}
                name="firstName"
                onAnimationStart={[Function]}
                onBlur={[Function]}
                onChange={[Function]}
                onFocus={[Function]}
                required={false}
                type="text"
                value=""
              />
              <div
                className="MuiInputAdornment-root MuiInputAdornment-positionEnd"
              >
                <svg
                  aria-hidden={true}
                  className="MuiSvgIcon-root"
                  focusable="false"
                  style={
                    Object {
                      "fill": "#c8c8c8",
                    }
                  }
                  viewBox="0 0 24 24"
                >
                  <path
                    d="M12 12c2.21 0 4-1.79 4-4s-1.79-4-4-4-4 1.79-4 4 1.79 4 4 4zm0 2c-2.67 0-8 1.34-8 4v2h16v-2c0-2.66-5.33-4-8-4z"
                  />
                </svg>
              </div>
              <fieldset
                aria-hidden={true}
                className="PrivateNotchedOutline-root-14 MuiOutlinedInput-notchedOutline"
              >
                <legend
                  className="PrivateNotchedOutline-legendLabelled-16"
                >
                  <span>
                    <p
                      className="MuiTypography-root makeStyles-textfield-12 MuiTypography-body1"
                    >
                      First name
                    </p>
                  </span>
                </legend>
              </fieldset>
            </div>
          </div>
        </div>
        <div
          className="MuiBox-root MuiBox-root-20"
        >
          <div
            className="MuiFormControl-root MuiTextField-root MuiFormControl-fullWidth"
          >
            <label
              className="MuiFormLabel-root MuiInputLabel-root MuiInputLabel-formControl MuiInputLabel-animated MuiInputLabel-outlined"
              data-shrink={false}
            >
              <p
                className="MuiTypography-root makeStyles-textfield-12 MuiTypography-body1"
              >
                Last name
              </p>
            </label>
            <div
              className="MuiInputBase-root MuiOutlinedInput-root MuiInputBase-fullWidth MuiInputBase-formControl MuiInputBase-adornedEnd MuiOutlinedInput-adornedEnd"
              onClick={[Function]}
            >
              <input
                aria-invalid={false}
                autoFocus={false}
                className="MuiInputBase-input MuiOutlinedInput-input MuiInputBase-inputAdornedEnd MuiOutlinedInput-inputAdornedEnd"
                disabled={false}
                name="lastName"
                onAnimationStart={[Function]}
                onBlur={[Function]}
                onChange={[Function]}
                onFocus={[Function]}
                required={false}
                type="text"
                value=""
              />
              <div
                className="MuiInputAdornment-root MuiInputAdornment-positionEnd"
              >
                <svg
                  aria-hidden={true}
                  className="MuiSvgIcon-root"
                  focusable="false"
                  style={
                    Object {
                      "fill": "#c8c8c8",
                    }
                  }
                  viewBox="0 0 24 24"
                >
                  <path
                    d="M12 12c2.21 0 4-1.79 4-4s-1.79-4-4-4-4 1.79-4 4 1.79 4 4 4zm0 2c-2.67 0-8 1.34-8 4v2h16v-2c0-2.66-5.33-4-8-4z"
                  />
                </svg>
              </div>
              <fieldset
                aria-hidden={true}
                className="PrivateNotchedOutline-root-14 MuiOutlinedInput-notchedOutline"
              >
                <legend
                  className="PrivateNotchedOutline-legendLabelled-16"
                >
                  <span>
                    <p
                      className="MuiTypography-root makeStyles-textfield-12 MuiTypography-body1"
                    >
                      Last name
                    </p>
                  </span>
                </legend>
              </fieldset>
            </div>
          </div>
        </div>
        <div
          className="MuiBox-root MuiBox-root-21"
        >
          <div
            autocomplete="off"
            className="MuiFormControl-root MuiTextField-root MuiFormControl-fullWidth"
          >
            <label
              className="MuiFormLabel-root MuiInputLabel-root MuiInputLabel-formControl MuiInputLabel-animated MuiInputLabel-outlined"
              data-shrink={false}
            >
              <p
                className="MuiTypography-root makeStyles-textfield-12 MuiTypography-body1"
              >
                Password
              </p>
            </label>
            <div
              className="MuiInputBase-root MuiOutlinedInput-root MuiInputBase-fullWidth MuiInputBase-formControl MuiInputBase-adornedEnd MuiOutlinedInput-adornedEnd"
              onClick={[Function]}
            >
              <input
                aria-invalid={false}
                autoFocus={false}
                className="MuiInputBase-input MuiOutlinedInput-input MuiInputBase-inputAdornedEnd MuiOutlinedInput-inputAdornedEnd"
                disabled={false}
                name="password"
                onAnimationStart={[Function]}
                onBlur={[Function]}
                onChange={[Function]}
                onFocus={[Function]}
                required={false}
                type="password"
                value=""
              />
              <div
                className="MuiInputAdornment-root MuiInputAdornment-positionEnd"
              >
                <svg
                  aria-hidden={true}
                  className="MuiSvgIcon-root"
                  focusable="false"
                  style={
                    Object {
                      "fill": "#c8c8c8",
                    }
                  }
                  viewBox="0 0 24 24"
                >
                  <path
                    d="M18 8h-1V6c0-2.76-2.24-5-5-5S7 3.24 7 6v2H6c-1.1 0-2 .9-2 2v10c0 1.1.9 2 2 2h12c1.1 0 2-.9 2-2V10c0-1.1-.9-2-2-2zm-6 9c-1.1 0-2-.9-2-2s.9-2 2-2 2 .9 2 2-.9 2-2 2zm3.1-9H8.9V6c0-1.71 1.39-3.1 3.1-3.1 1.71 0 3.1 1.39 3.1 3.1v2z"
                  />
                </svg>
              </div>
              <fieldset
                aria-hidden={true}
                className="PrivateNotchedOutline-root-14 MuiOutlinedInput-notchedOutline"
              >
                <legend
                  className="PrivateNotchedOutline-legendLabelled-16"
                >
                  <span>
                    <p
                      className="MuiTypography-root makeStyles-textfield-12 MuiTypography-body1"
                    >
                      Password
                    </p>
                  </span>
                </legend>
              </fieldset>
            </div>
          </div>
        </div>
        <button
          className="MuiButtonBase-root MuiButton-root MuiButton-contained MuiButton-containedPrimary"
          disabled={false}
          fullwidth={true}
          onBlur={[Function]}
          onClick={[Function]}
          onDragLeave={[Function]}
          onFocus={[Function]}
          onKeyDown={[Function]}
          onKeyUp={[Function]}
          onMouseDown={[Function]}
          onMouseLeave={[Function]}
          onMouseUp={[Function]}
          onTouchEnd={[Function]}
          onTouchMove={[Function]}
          onTouchStart={[Function]}
          tabIndex={0}
          type="button"
        >
          <span
            className="MuiButton-label"
          >
            Create my account
          </span>
        </button>
      </form>
      <p
        className="MuiTypography-root makeStyles-textfield-12 MuiTypography-body1"
      >
        Already have an account? 
        <br />
        <a
          className="MuiTypography-root MuiLink-root MuiLink-underlineHover MuiTypography-colorPrimary"
          href="#"
          onBlur={[Function]}
          onClick={[Function]}
          onFocus={[Function]}
          style={
            Object {
              "textDecoration": "none",
            }
          }
        >
          Click here.
        </a>
      </p>
      <div
        className="MuiBox-root MuiBox-root-22"
      >
        <p
          className="MuiTypography-root makeStyles-textfield-12 MuiTypography-body1"
        >
          <a
            className="MuiTypography-root MuiLink-root MuiLink-underlineHover MuiTypography-colorPrimary"
            onBlur={[Function]}
            onClick={[Function]}
            onFocus={[Function]}
            style={
              Object {
                "textDecoration": "none",
              }
            }
          >
            Continue as a guest.
          </a>
        </p>
      </div>
    </div>
  </div>
</div>
`;
