// Jest Snapshot v1, https://goo.gl/fbAQLP

exports[`renders correctly 1`] = `
<div
  className="makeStyles-root-1"
>
  <div
    className="MuiGrid-root MuiGrid-container MuiGrid-direction-xs-column MuiGrid-align-items-xs-center MuiGrid-justify-content-xs-center"
    style={
      Object {
        "minHeight": "50vh",
      }
    }
  >
    <div
      className="MuiGrid-root MuiGrid-item MuiGrid-grid-xs-12 MuiGrid-grid-sm-10 MuiGrid-grid-md-10 MuiGrid-grid-lg-6"
    >
      <div
        className="MuiBox-root MuiBox-root-6"
      >
        <p
          className="MuiTypography-root makeStyles-h1-4 MuiTypography-body1"
        >
          Providing Unique Value to Entrepreneurs and Investors
        </p>
      </div>
    </div>
    <div
      className="MuiGrid-root MuiGrid-item MuiGrid-grid-xs-12 MuiGrid-grid-sm-10 MuiGrid-grid-md-10 MuiGrid-grid-lg-6"
    >
      <div
        className="MuiBox-root MuiBox-root-7"
      >
        <p
          className="MuiTypography-root makeStyles-h2-5 MuiTypography-body1"
        >
          We are an Angel-led Investment platform that connects high growth potentional companies with experienced investors.
        </p>
      </div>
    </div>
    <div
      className="MuiGrid-root MuiGrid-item MuiGrid-grid-xs-12"
    >
      <div
        className="MuiBox-root MuiBox-root-8"
      >
        <button
          className="MuiButtonBase-root MuiButton-root MuiButton-text makeStyles-button-3"
          disabled={false}
          onBlur={[Function]}
          onClick={[Function]}
          onDragLeave={[Function]}
          onFocus={[Function]}
          onKeyDown={[Function]}
          onKeyUp={[Function]}
          onMouseDown={[Function]}
          onMouseLeave={[Function]}
          onMouseUp={[Function]}
          onTouchEnd={[Function]}
          onTouchMove={[Function]}
          onTouchStart={[Function]}
          tabIndex={0}
          type="button"
        >
          <span
            className="MuiButton-label"
          >
            Get Started 
            <svg
              aria-hidden={true}
              className="MuiSvgIcon-root"
              focusable="false"
              viewBox="0 0 24 24"
            >
              <path
                d="M12 4l-1.41 1.41L16.17 11H4v2h12.17l-5.58 5.59L12 20l8-8z"
              />
            </svg>
          </span>
        </button>
      </div>
    </div>
  </div>
</div>
`;
